Opening in BLOCKING MODE 
Opening in BLOCKING MODE 
Opening in BLOCKING MODE 
Opening in BLOCKING MODE 
streams: 2
fps: 30
frames per stream: 1800
offered load [frames/s]: 60
engine: models/rtdetr_warehouse_v1.0.2.fp16.b1.canonical.engine
actual pipeline: filesrc -> qtdemux -> h264parse -> nvv4l2decoder -> nvvidconv -> video/x-raw,format=BGRx,width=1920,height=1080 -> videoconvert -> video/x-raw,format=BGR,width=1920,height=1080 -> appsink sync=false
arrival synchronization: phase-aligned
TensorRT batch B: 1
cross-inference concurrency C: 1
TensorRT execution contexts: 1
inference workers: 1
dynamic batching: no
frame drop: no
stream 0 video path: /home/ainet/datasets/PhysicalAI-SmartSpaces/MTMC_Tracking_2026/test/Warehouse_027/videos/W027_Camera_0000.mp4
stream 0 arrivals: 1800
stream 0 source samples pulled: 1800
stream 0 preprocessed: 1800
stream 0 completions: 1800
stream 0 frame IDs: 0..1799 exactly once
stream 1 video path: /home/ainet/datasets/PhysicalAI-SmartSpaces/MTMC_Tracking_2026/test/Warehouse_027/videos/W027_Camera_0001.mp4
stream 1 arrivals: 1800
stream 1 source samples pulled: 1800
stream 1 preprocessed: 1800
stream 1 completions: 1800
stream 1 frame IDs: 0..1799 exactly once
total arrivals: 3600
total source samples pulled: 3600
total completions: 3600
per-frame artifact: results/local_realtime_baseline/capacity_sweep_5rep/b1_sync/k2/run3/per_frame.csv
summary artifact: results/local_realtime_baseline/capacity_sweep_5rep/b1_sync/k2/run3/summary.json
scheduler lag mean [ms]: 0.096585
scheduler lag p95 [ms]: 0.264360
scheduler lag max [ms]: 0.572878
scheduler final-tick lag max [ms]: 0.085466
arrival queue wait mean [ms]: 0.302344
scheduled to front end mean [ms]: 0.398930
front end observed mean [ms]: 9.947927
ready queue wait mean [ms]: 3.109638
inference mean [ms]: 6.021160
local E2E mean [ms]: 19.477655
peak backlog: 7
backlog immediately after final actual arrival: 2
final backlog after drain: 0
termination: bounded workload fully drained
RESULT streams=2 arrivals=3600 completions=3600 peak_backlog=7 final_arrival_backlog=2 final_backlog=0
