Opening in BLOCKING MODE 
Opening in BLOCKING MODE 
Opening in BLOCKING MODE 
Opening in BLOCKING MODE 
Opening in BLOCKING MODE 
Opening in BLOCKING MODE 
Opening in BLOCKING MODE 
Opening in BLOCKING MODE 
streams: 4
fps: 30
frames per stream: 1800
offered load [frames/s]: 120
engine: models/rtdetr_warehouse_v1.0.2.fp16.b1.canonical.engine
actual pipeline: filesrc -> qtdemux -> h264parse -> nvv4l2decoder -> nvvidconv -> video/x-raw,format=BGRx,width=1920,height=1080 -> videoconvert -> video/x-raw,format=BGR,width=1920,height=1080 -> appsink sync=false
arrival synchronization: phase-aligned
TensorRT batch B: 1
cross-inference concurrency C: 1
TensorRT execution contexts: 1
inference workers: 1
dynamic batching: no
frame drop: no
stream 0 video path: /home/ainet/datasets/PhysicalAI-SmartSpaces/MTMC_Tracking_2026/test/Warehouse_027/videos/W027_Camera_0000.mp4
stream 0 arrivals: 1800
stream 0 source samples pulled: 1800
stream 0 preprocessed: 1800
stream 0 completions: 1800
stream 0 frame IDs: 0..1799 exactly once
stream 1 video path: /home/ainet/datasets/PhysicalAI-SmartSpaces/MTMC_Tracking_2026/test/Warehouse_027/videos/W027_Camera_0001.mp4
stream 1 arrivals: 1800
stream 1 source samples pulled: 1800
stream 1 preprocessed: 1800
stream 1 completions: 1800
stream 1 frame IDs: 0..1799 exactly once
stream 2 video path: /home/ainet/datasets/PhysicalAI-SmartSpaces/MTMC_Tracking_2026/test/Warehouse_027/videos/W027_Camera_0002.mp4
stream 2 arrivals: 1800
stream 2 source samples pulled: 1800
stream 2 preprocessed: 1800
stream 2 completions: 1800
stream 2 frame IDs: 0..1799 exactly once
stream 3 video path: /home/ainet/datasets/PhysicalAI-SmartSpaces/MTMC_Tracking_2026/test/Warehouse_027/videos/W027_Camera_0003.mp4
stream 3 arrivals: 1800
stream 3 source samples pulled: 1800
stream 3 preprocessed: 1800
stream 3 completions: 1800
stream 3 frame IDs: 0..1799 exactly once
total arrivals: 7200
total source samples pulled: 7200
total completions: 7200
per-frame artifact: results/local_realtime_baseline/b1_sync/k4/run1/per_frame.csv
summary artifact: results/local_realtime_baseline/b1_sync/k4/run1/summary.json
scheduler lag mean [ms]: 0.097024
scheduler lag p95 [ms]: 0.123653
scheduler lag max [ms]: 1.006454
scheduler final-tick lag max [ms]: 0.093358
arrival queue wait mean [ms]: 0.558119
scheduled to front end mean [ms]: 0.655143
front end observed mean [ms]: 10.377524
ready queue wait mean [ms]: 6.284196
inference mean [ms]: 4.636919
local E2E mean [ms]: 21.953782
peak backlog: 20
backlog immediately after final actual arrival: 4
final backlog after drain: 0
termination: bounded workload fully drained
RESULT streams=4 arrivals=7200 completions=7200 peak_backlog=20 final_arrival_backlog=4 final_backlog=0
