Opening in BLOCKING MODE 
Opening in BLOCKING MODE 
Opening in BLOCKING MODE 
Opening in BLOCKING MODE 
Opening in BLOCKING MODE 
Opening in BLOCKING MODE 
Opening in BLOCKING MODE 
Opening in BLOCKING MODE 
Opening in BLOCKING MODE 
Opening in BLOCKING MODE 
Opening in BLOCKING MODE 
Opening in BLOCKING MODE 
streams: 6
fps: 30
frames per stream: 1800
offered load [frames/s]: 180
engine: models/rtdetr_warehouse_v1.0.2.fp16.b1.canonical.engine
actual pipeline: filesrc -> qtdemux -> h264parse -> nvv4l2decoder -> nvvidconv -> video/x-raw,format=BGRx,width=1920,height=1080 -> videoconvert -> video/x-raw,format=BGR,width=1920,height=1080 -> appsink sync=false
arrival synchronization: phase-aligned
TensorRT batch B: 1
cross-inference concurrency C: 1
TensorRT execution contexts: 1
inference workers: 1
dynamic batching: no
frame drop: no
stream 0 video path: /home/ainet/datasets/PhysicalAI-SmartSpaces/MTMC_Tracking_2026/test/Warehouse_027/videos/W027_Camera_0000.mp4
stream 0 arrivals: 1800
stream 0 source samples pulled: 1800
stream 0 preprocessed: 1800
stream 0 completions: 1800
stream 0 frame IDs: 0..1799 exactly once
stream 1 video path: /home/ainet/datasets/PhysicalAI-SmartSpaces/MTMC_Tracking_2026/test/Warehouse_027/videos/W027_Camera_0001.mp4
stream 1 arrivals: 1800
stream 1 source samples pulled: 1800
stream 1 preprocessed: 1800
stream 1 completions: 1800
stream 1 frame IDs: 0..1799 exactly once
stream 2 video path: /home/ainet/datasets/PhysicalAI-SmartSpaces/MTMC_Tracking_2026/test/Warehouse_027/videos/W027_Camera_0002.mp4
stream 2 arrivals: 1800
stream 2 source samples pulled: 1800
stream 2 preprocessed: 1800
stream 2 completions: 1800
stream 2 frame IDs: 0..1799 exactly once
stream 3 video path: /home/ainet/datasets/PhysicalAI-SmartSpaces/MTMC_Tracking_2026/test/Warehouse_027/videos/W027_Camera_0003.mp4
stream 3 arrivals: 1800
stream 3 source samples pulled: 1800
stream 3 preprocessed: 1800
stream 3 completions: 1800
stream 3 frame IDs: 0..1799 exactly once
stream 4 video path: /home/ainet/datasets/PhysicalAI-SmartSpaces/MTMC_Tracking_2026/test/Warehouse_027/videos/W027_Camera_0004.mp4
stream 4 arrivals: 1800
stream 4 source samples pulled: 1800
stream 4 preprocessed: 1800
stream 4 completions: 1800
stream 4 frame IDs: 0..1799 exactly once
stream 5 video path: /home/ainet/datasets/PhysicalAI-SmartSpaces/MTMC_Tracking_2026/test/Warehouse_027/videos/W027_Camera_0005.mp4
stream 5 arrivals: 1800
stream 5 source samples pulled: 1800
stream 5 preprocessed: 1800
stream 5 completions: 1800
stream 5 frame IDs: 0..1799 exactly once
total arrivals: 10800
total source samples pulled: 10800
total completions: 10800
per-frame artifact: results/local_realtime_baseline/capacity_sweep_5rep/b1_sync/k6/run2/per_frame.csv
summary artifact: results/local_realtime_baseline/capacity_sweep_5rep/b1_sync/k6/run2/summary.json
scheduler lag mean [ms]: 0.149413
scheduler lag p95 [ms]: 0.162992
scheduler lag max [ms]: 7.929610
scheduler final-tick lag max [ms]: 0.103889
arrival queue wait mean [ms]: 0.754615
scheduled to front end mean [ms]: 0.904028
front end observed mean [ms]: 11.808887
ready queue wait mean [ms]: 24.323783
inference mean [ms]: 4.908683
local E2E mean [ms]: 41.945381
peak backlog: 46
backlog immediately after final actual arrival: 7
final backlog after drain: 0
termination: bounded workload fully drained
RESULT streams=6 arrivals=10800 completions=10800 peak_backlog=46 final_arrival_backlog=7 final_backlog=0
