Opening in BLOCKING MODE 
Opening in BLOCKING MODE 
Opening in BLOCKING MODE 
Opening in BLOCKING MODE 
Opening in BLOCKING MODE 
Opening in BLOCKING MODE 
Opening in BLOCKING MODE 
Opening in BLOCKING MODE 
Opening in BLOCKING MODE 
Opening in BLOCKING MODE 
Opening in BLOCKING MODE 
Opening in BLOCKING MODE 
Opening in BLOCKING MODE 
Opening in BLOCKING MODE 
Opening in BLOCKING MODE 
Opening in BLOCKING MODE 

SUPERVISOR_STDOUT_TAIL
{"run_id": "RDVG_RECOVERY_20260919_B", "integrity_status": "PENDING_PROCESS_EXIT", "hardware_status": "CLEAN", "pipeline_audit_status": "PASS", "queue_classification": "QUEUE_STABLE", "completed_fps": 146.2, "errors": []}

SUPERVISOR_STDERR_TAIL

SUPERVISOR_PROCESS_OUTCOME {"child_pid": 77367, "child_returncode": 0, "child_exit_signal": null, "child_start_time": "2026-09-19T12:01:55.841791+00:00", "child_exit_time": "2026-09-19T12:02:09.362344+00:00", "child_start_monotonic_ns": 25165607882922, "child_exit_monotonic_ns": 25179128475268, "supervisor_timeout": false}
